// Jest Snapshot v1, https://goo.gl/fbAQLP

exports[`Text should match snapshot 1`] = `
<DocumentFragment>
   <div class="inputContainer">
        <input></input>
        <img />
   </div>
</DocumentFragment>
`;
